freertos.c:75:13:RTC_CalendarShow	16	static
freertos.c:85:6:clear_pw_circle	8	static
freertos.c:100:6:passwd_verify	16	static
freertos.c:165:6:GUI_1400	8	static
freertos.c:185:6:GUI_1296	8	static
freertos.c:213:6:GUI_1298	8	static
freertos.c:236:6:GUI_1340	8	static
freertos.c:264:6:GUI_1345	8	static
freertos.c:278:6:GUI_1602	8	static
freertos.c:302:6:GUI_1603	8	static
freertos.c:324:6:GUI_1606	8	static
freertos.c:345:6:RTC_13A0	4	static
freertos.c:370:6:vApplicationGetIdleTaskMemory	24	static
freertos.c:386:6:MX_FREERTOS_Init	240	static
freertos.c:453:6:StartDefaultTask	16	static
freertos.c:482:6:StartTask02	24	static
freertos.c:761:6:StartTask03	16	static
freertos.c:845:6:StartTask04	16	static
freertos.c:866:6:StartTask05	16	static
freertos.c:897:6:StartTask06	24	static
freertos.c:935:6:StartTask07	24	static
freertos.c:1002:6:StartTask08	16	static
freertos.c:1035:6:push	16	static
freertos.c:1045:9:pop	24	static
freertos.c:1056:9:isEmpty	16	static
freertos.c:1061:6:HAL_UART_RxCpltCallback	16	static
