17:27:35 **** Incremental Build of configuration Debug for project 743-6 ****
make -j4 all 
arm-none-eabi-gcc "../Core/Src/rtc.c" -mcpu=cortex-m7 -std=gnu11 -g3 -DDEBUG -DUSE_HAL_DRIVER -DSTM32H743xx -c -I../Core/Inc -I../Drivers/BSP/w25qxx -I../USB_DEVICE/App -I../USB_DEVICE/Target -I../Drivers/STM32H7xx_HAL_Driver/Inc -I../Drivers/STM32H7xx_HAL_Driver/Inc/Legacy -I../Middlewares/Third_Party/FreeRTOS/Source/include -I../Middlewares/Third_Party/FreeRTOS/Source/CMSIS_RTOS -I../Middlewares/Third_Party/FreeRTOS/Source/portable/GCC/ARM_CM4F -I../Middlewares/ST/STM32_USB_Device_Library/Core/Inc -I../Middlewares/ST/STM32_USB_Device_Library/Class/CDC/Inc -I../Drivers/CMSIS/Device/ST/STM32H7xx/Include -I../Drivers/CMSIS/Include -O0 -ffunction-sections -fdata-sections -Wall -fstack-usage -MMD -MP -MF"Core/Src/rtc.d" -MT"Core/Src/rtc.o" --specs=nano.specs -mfpu=fpv5-d16 -mfloat-abi=hard -mthumb -o "Core/Src/rtc.o"
../Core/Src/rtc.c: In function 'MX_RTC_Init':
../Core/Src/rtc.c:38:21: warning: unused variable 'sAlarm' [-Wunused-variable]
   38 |   RTC_AlarmTypeDef  sAlarm = {0};
      |                     ^~~~~~
../Core/Src/rtc.c:37:20: warning: unused variable 'sDate' [-Wunused-variable]
   37 |   RTC_DateTypeDef  sDate = {0};
      |                    ^~~~~
../Core/Src/rtc.c:36:20: warning: unused variable 'sTime' [-Wunused-variable]
   36 |   RTC_TimeTypeDef  sTime = {0};
      |                    ^~~~~
arm-none-eabi-gcc -o "743-6.elf" @"objects.list"   -mcpu=cortex-m7 -T"E:\ARM\743-6\743-6\STM32H743VITX_FLASH.ld" --specs=nosys.specs -Wl,-Map="743-6.map" -Wl,--gc-sections -static --specs=nano.specs -mfpu=fpv5-d16 -mfloat-abi=hard -mthumb -Wl,--start-group -lc -lm -Wl,--end-group
Finished building target: 743-6.elf
 
arm-none-eabi-size   743-6.elf 
arm-none-eabi-objdump -h -S  743-6.elf  > "743-6.list"
arm-none-eabi-objcopy  -O binary  743-6.elf  "743-6.bin"
   text	   data	    bss	    dec	    hex	filename
 145884	    788	  51092	 197764	  30484	743-6.elf
Finished building: default.size.stdout
 
Finished building: 743-6.bin
 
Finished building: 743-6.list
 

17:27:41 Build Finished. 0 errors, 3 warnings. (took 6s.407ms)

